<html>
<body>
<pre>
<h1>µVision Build Log</h1>
<h2>Tool Versions:</h2>
IDE-Version: µVision V5.28.0.0
Copyright (C) 2019 ARM Ltd and ARM Germany GmbH. All rights reserved.
License Information: M Sak, kmitl, LIC=----
 
Tool Versions:
Toolchain:       MDK-Lite  Version: 5.28.0.0
Toolchain Path:  C:\Keil_v5\ARM\ARMCC\Bin
C Compiler:      Armcc.exe V5.06 update 6 (build 750)
Assembler:       Armasm.exe V5.06 update 6 (build 750)
Linker/Locator:  ArmLink.exe V5.06 update 6 (build 750)
Library Manager: ArmAr.exe V5.06 update 6 (build 750)
Hex Converter:   FromElf.exe V5.06 update 6 (build 750)
CPU DLL:         SARMCM3.DLL V5.28.0.0
Dialog DLL:      DCM.DLL V1.17.3.0
Target DLL:      STLink\ST-LINKIII-KEIL_SWO.dll V3.0.6.0
Dialog DLL:      TCM.DLL V1.36.2.0
 
<h2>Project:</h2>
D:\DotMatrix\MDK-ARM\DotMatrix.uvprojx
Project File Date:  11/24/2019

<h2>Output:</h2>
*** Using Compiler 'V5.06 update 6 (build 750)', folder: 'C:\Keil_v5\ARM\ARMCC\Bin'
Build target 'DotMatrix'
compiling max_matrix_stm32.c...
C:\Users\LittleDog\Downloads\DOT-MATRIX-Multi\max_matrix_stm32.c(143): warning:  #188-D: enumerated type mixed with another type
  		HAL_GPIO_WritePin (GPIOC, GPIO_PIN_10, 0);  // pull the clock pin low
C:\Users\LittleDog\Downloads\DOT-MATRIX-Multi\max_matrix_stm32.c(144): warning:  #188-D: enumerated type mixed with another type
  		HAL_GPIO_WritePin (GPIOC, GPIO_PIN_8, byte&0x80);  // write the MS0b bit to the data pin
C:\Users\LittleDog\Downloads\DOT-MATRIX-Multi\max_matrix_stm32.c(146): warning:  #188-D: enumerated type mixed with another type
  		HAL_GPIO_WritePin (GPIOC, GPIO_PIN_10, 1);  // pull the clock pin HIGH
C:\Users\LittleDog\Downloads\DOT-MATRIX-Multi\max_matrix_stm32.c(153): warning:  #188-D: enumerated type mixed with another type
  	HAL_GPIO_WritePin (GPIOC, GPIO_PIN_9, 0);  // pull the CS pin LOW
C:\Users\LittleDog\Downloads\DOT-MATRIX-Multi\max_matrix_stm32.c(159): warning:  #188-D: enumerated type mixed with another type
  	HAL_GPIO_WritePin (GPIOC, GPIO_PIN_9, 0);  // pull the CS pin LOW
C:\Users\LittleDog\Downloads\DOT-MATRIX-Multi\max_matrix_stm32.c(160): warning:  #188-D: enumerated type mixed with another type
  	HAL_GPIO_WritePin (GPIOC, GPIO_PIN_9, 1);  // pull the CS pin HIGH
C:\Users\LittleDog\Downloads\DOT-MATRIX-Multi\max_matrix_stm32.c(170): warning:  #188-D: enumerated type mixed with another type
  	HAL_GPIO_WritePin (GPIOC, GPIO_PIN_9, 0);  // pull the CS pin LOW    
C:\Users\LittleDog\Downloads\DOT-MATRIX-Multi\max_matrix_stm32.c(184): warning:  #188-D: enumerated type mixed with another type
  	HAL_GPIO_WritePin (GPIOC, GPIO_PIN_9, 0);  // pull the CS pin LOW 
C:\Users\LittleDog\Downloads\DOT-MATRIX-Multi\max_matrix_stm32.c(185): warning:  #188-D: enumerated type mixed with another type
  	HAL_GPIO_WritePin (GPIOC, GPIO_PIN_9, 1);  // pull the CS pin HIGH 
C:\Users\LittleDog\Downloads\DOT-MATRIX-Multi\max_matrix_stm32.c(386): warning:  #1-D: last line of file ends without a newline
  	
C:\Users\LittleDog\Downloads\DOT-MATRIX-Multi\max_matrix_stm32.c: 10 warnings, 0 errors
linking...
Program Size: Code=8980 RO-data=560 RW-data=1032 ZI-data=2416  
FromELF: creating hex file...
"DotMatrix\DotMatrix.axf" - 0 Error(s), 10 Warning(s).

<h2>Software Packages used:</h2>

Package Vendor: ARM
                http://www.keil.com/pack/ARM.CMSIS.5.6.0.pack
                ARM.CMSIS.5.6.0
                CMSIS (Cortex Microcontroller Software Interface Standard)
   * Component: CORE Version: 5.3.0

Package Vendor: Keil
                https://www.keil.com/pack/Keil.STM32F7xx_DFP.2.12.0.pack
                Keil.STM32F7xx_DFP.2.12.0
                STMicroelectronics STM32F7 Series Device Support, Drivers and Examples

<h2>Collection of Component include folders:</h2>
  .\RTE\_DotMatrix
  C:\Users\LittleDog\AppData\Local\Arm\Packs\ARM\CMSIS\5.6.0\CMSIS\Core\Include
  C:\Users\LittleDog\AppData\Local\Arm\Packs\Keil\STM32F7xx_DFP\2.12.0\Drivers\CMSIS\Device\ST\STM32F7xx\Include

<h2>Collection of Component Files used:</h2>

   * Component: ARM::CMSIS:CORE:5.3.0
Build Time Elapsed:  00:00:09
</pre>
</body>
</html>
